// Jest Snapshot v1, https://goo.gl/fbAQLP

exports[`Snapshot testing renders component without args 1`] = `
<DocumentFragment>
  <div
    class="Card"
  >
    <button
      class="ant-btn ant-btn-primary ant-btn-round ant-btn-sm ant-btn-background-ghost"
      type="button"
    >
      <span>
        P
      </span>
    </button>
  </div>
</DocumentFragment>
`;
